2026-09-15 23:56:39 -  - exec CUpdateClientPartner::GetUpdatesList
2026-09-15 23:56:39 -  - exec CUpdateClientPartner::__CollectRequestData
2026-09-15 23:56:39 -  - utf=Y&lang=ru&stable=Y&CANGZIP=Y&SUPD_DBS=MYSQL&XE=N&CLIENT_SITE=localhost&LICENSE_KEY=X&SUPD_STS=1&SUPD_URS=0&TYPENC=D&CLIENT_PHPVER=8.3.33&NGINX=Y&dbv=10.11.19&instm=main%2C26.150.0%2CY%3Bsecurity%2C25.0.0%2CN%3Bperfmon%2C25.300.0%2CN%3Bblog%2C26.400.0%2CN%3Bseo%2C25.100.400%2CN%3Bphotogallery%2C25.100.0%2CN%3Biblock%2C25.300.0%2CN%3Brest%2C26.0.0%2CN%3Btranslate%2C25.100.0%2CN%3Bsubscribe%2C25.0.0%2CN%3Blanding%2C26.200.0%2CN%3Bmobileapp%2C25.0.100%2CN%3Bb24connector%2C25.0.0%2CN%3Bmessageservice%2C25.200.100%2CN%3Bbitrix.sitecorporate%2C26.0.0%2CN%3Bsearch%2C25.200.0%2CN%3Bvote%2C26.0.0%2CN%3Bclouds%2C25.100.0%2CN%3Bfileman%2C25.200.200%2CN%3Bsocialservices%2C26.0.0%2CN%3Bhighloadblock%2C25.100.0%2CN%3Bui%2C26.150.0%2CN%3Bbitrixcloud%2C25.100.0%2CN%3Bform%2C26.0.0%2CN%3Bforum%2C26.0.0%2CN%3Blocation%2C25.400.0%2CN&reqm=bitrix.sitecorporate&fullmoduleinfo=Y&SUPD_SRS=RU&SUPD_CMP=N
2026-09-15 23:56:39 -  - exec CUpdateClientPartner::GetHTTPPage
2026-09-15 23:56:40 -  - TIME GetUpdatesList(request) 1.1 sec
2026-09-15 23:56:40 -  - exec CUpdateClientPartner::ParseServerData
2026-09-15 23:56:53 -  - exec CUpdateClientPartner::GetUpdatesList
2026-09-15 23:56:53 -  - exec CUpdateClientPartner::__CollectRequestData
2026-09-15 23:56:53 -  - utf=Y&lang=ru&stable=Y&CANGZIP=Y&SUPD_DBS=MYSQL&XE=N&CLIENT_SITE=localhost&LICENSE_KEY=X&SUPD_STS=1&SUPD_URS=0&TYPENC=D&CLIENT_PHPVER=8.3.33&NGINX=Y&dbv=10.11.19&instm=main%2C26.150.0%2CY%3Bsecurity%2C25.0.0%2CN%3Bperfmon%2C25.300.0%2CN%3Bblog%2C26.400.0%2CN%3Bseo%2C25.100.400%2CN%3Bphotogallery%2C25.100.0%2CN%3Biblock%2C25.300.0%2CN%3Brest%2C26.0.0%2CN%3Btranslate%2C25.100.0%2CN%3Bsubscribe%2C25.0.0%2CN%3Blanding%2C26.200.0%2CN%3Bmobileapp%2C25.0.100%2CN%3Bb24connector%2C25.0.0%2CN%3Bmessageservice%2C25.200.100%2CN%3Bbitrix.sitecorporate%2C26.0.0%2CN%3Bsearch%2C25.200.0%2CN%3Bvote%2C26.0.0%2CN%3Bclouds%2C25.100.0%2CN%3Bfileman%2C25.200.200%2CN%3Bsocialservices%2C26.0.0%2CN%3Bhighloadblock%2C25.100.0%2CN%3Bui%2C26.150.0%2CN%3Bbitrixcloud%2C25.100.0%2CN%3Bform%2C26.0.0%2CN%3Bforum%2C26.0.0%2CN%3Blocation%2C25.400.0%2CN&reqm=bitrix.sitecorporate&SUPD_SRS=RU&SUPD_CMP=N
2026-09-15 23:56:53 -  - exec CUpdateClientPartner::GetHTTPPage
2026-09-15 23:56:53 -  - TIME GetUpdatesList(request) 0.786 sec
2026-09-15 23:56:53 -  - exec CUpdateClientPartner::ParseServerData
2026-09-15 23:56:55 -  - exec CUpdateClientPartner::GetUpdatesList
2026-09-15 23:56:55 -  - exec CUpdateClientPartner::__CollectRequestData
2026-09-15 23:56:55 -  - utf=Y&lang=ru&stable=Y&CANGZIP=Y&SUPD_DBS=MYSQL&XE=N&CLIENT_SITE=localhost&LICENSE_KEY=X&SUPD_STS=1&SUPD_URS=0&TYPENC=D&CLIENT_PHPVER=8.3.33&NGINX=Y&dbv=10.11.19&instm=main%2C26.150.0%2CY%3Bsecurity%2C25.0.0%2CN%3Bperfmon%2C25.300.0%2CN%3Bblog%2C26.400.0%2CN%3Bseo%2C25.100.400%2CN%3Bphotogallery%2C25.100.0%2CN%3Biblock%2C25.300.0%2CN%3Brest%2C26.0.0%2CN%3Btranslate%2C25.100.0%2CN%3Bsubscribe%2C25.0.0%2CN%3Blanding%2C26.200.0%2CN%3Bmobileapp%2C25.0.100%2CN%3Bb24connector%2C25.0.0%2CN%3Bmessageservice%2C25.200.100%2CN%3Bbitrix.sitecorporate%2C26.0.0%2CN%3Bsearch%2C25.200.0%2CN%3Bvote%2C26.0.0%2CN%3Bclouds%2C25.100.0%2CN%3Bfileman%2C25.200.200%2CN%3Bsocialservices%2C26.0.0%2CN%3Bhighloadblock%2C25.100.0%2CN%3Bui%2C26.150.0%2CN%3Bbitrixcloud%2C25.100.0%2CN%3Bform%2C26.0.0%2CN%3Bforum%2C26.0.0%2CN%3Blocation%2C25.400.0%2CN&reqm=bitrix.sitecorporate&fullmoduleinfo=Y&SUPD_SRS=RU&SUPD_CMP=N
2026-09-15 23:56:55 -  - exec CUpdateClientPartner::GetHTTPPage
2026-09-15 23:56:55 -  - TIME GetUpdatesList(request) 0.344 sec
2026-09-15 23:56:55 -  - exec CUpdateClientPartner::ParseServerData
2026-09-15 23:56:59 -  - exec CUpdateClientPartner::GetUpdatesList
2026-09-15 23:56:59 -  - exec CUpdateClientPartner::__CollectRequestData
2026-09-15 23:56:59 -  - utf=Y&lang=ru&stable=Y&CANGZIP=Y&SUPD_DBS=MYSQL&XE=N&CLIENT_SITE=localhost&LICENSE_KEY=X&SUPD_STS=1&SUPD_URS=0&TYPENC=D&CLIENT_PHPVER=8.3.33&NGINX=Y&dbv=10.11.19&instm=main%2C26.150.0%2CY%3Bsecurity%2C25.0.0%2CN%3Bperfmon%2C25.300.0%2CN%3Bblog%2C26.400.0%2CN%3Bseo%2C25.100.400%2CN%3Bphotogallery%2C25.100.0%2CN%3Biblock%2C25.300.0%2CN%3Brest%2C26.0.0%2CN%3Btranslate%2C25.100.0%2CN%3Bsubscribe%2C25.0.0%2CN%3Blanding%2C26.200.0%2CN%3Bmobileapp%2C25.0.100%2CN%3Bb24connector%2C25.0.0%2CN%3Bmessageservice%2C25.200.100%2CN%3Bbitrix.sitecorporate%2C26.0.0%2CN%3Bsearch%2C25.200.0%2CN%3Bvote%2C26.0.0%2CN%3Bclouds%2C25.100.0%2CN%3Bfileman%2C25.200.200%2CN%3Bsocialservices%2C26.0.0%2CN%3Bhighloadblock%2C25.100.0%2CN%3Bui%2C26.150.0%2CN%3Bbitrixcloud%2C25.100.0%2CN%3Bform%2C26.0.0%2CN%3Bforum%2C26.0.0%2CN%3Blocation%2C25.400.0%2CN&reqm=bitrix.sitecorporate&fullmoduleinfo=Y&SUPD_SRS=RU&SUPD_CMP=N
2026-09-15 23:56:59 -  - exec CUpdateClientPartner::GetHTTPPage
2026-09-15 23:57:02 -  - TIME GetUpdatesList(request) 3.229 sec
2026-09-15 23:57:02 -  - exec CUpdateClientPartner::ParseServerData
2026-09-15 23:57:11 -  - exec CUpdateClientPartner::GetUpdatesList
2026-09-15 23:57:11 -  - exec CUpdateClientPartner::__CollectRequestData
2026-09-15 23:57:11 -  - utf=Y&lang=ru&stable=Y&CANGZIP=Y&SUPD_DBS=MYSQL&XE=N&CLIENT_SITE=localhost&LICENSE_KEY=X&SUPD_STS=1&SUPD_URS=0&TYPENC=D&CLIENT_PHPVER=8.3.33&NGINX=Y&dbv=10.11.19&instm=main%2C26.150.0%2CY%3Bsecurity%2C25.0.0%2CN%3Bperfmon%2C25.300.0%2CN%3Bblog%2C26.400.0%2CN%3Bseo%2C25.100.400%2CN%3Bphotogallery%2C25.100.0%2CN%3Biblock%2C25.300.0%2CN%3Brest%2C26.0.0%2CN%3Btranslate%2C25.100.0%2CN%3Bsubscribe%2C25.0.0%2CN%3Blanding%2C26.200.0%2CN%3Bmobileapp%2C25.0.100%2CN%3Bb24connector%2C25.0.0%2CN%3Bmessageservice%2C25.200.100%2CN%3Bbitrix.sitecorporate%2C26.0.0%2CN%3Bsearch%2C25.200.0%2CN%3Bvote%2C26.0.0%2CN%3Bclouds%2C25.100.0%2CN%3Bfileman%2C25.200.200%2CN%3Bsocialservices%2C26.0.0%2CN%3Bhighloadblock%2C25.100.0%2CN%3Bui%2C26.150.0%2CN%3Bbitrixcloud%2C25.100.0%2CN%3Bform%2C26.0.0%2CN%3Bforum%2C26.0.0%2CN%3Blocation%2C25.400.0%2CN&reqm=bitrix.sitecorporate&fullmoduleinfo=Y&SUPD_SRS=RU&SUPD_CMP=N
2026-09-15 23:57:11 -  - exec CUpdateClientPartner::GetHTTPPage
2026-09-15 23:57:11 -  - TIME GetUpdatesList(request) 0.379 sec
2026-09-15 23:57:11 -  - exec CUpdateClientPartner::ParseServerData
2026-09-15 23:57:11 -  - exec CUpdateClientPartner::GetUpdatesList
2026-09-15 23:57:11 -  - exec CUpdateClientPartner::__CollectRequestData
2026-09-15 23:57:11 -  - utf=Y&lang=ru&stable=Y&CANGZIP=Y&SUPD_DBS=MYSQL&XE=N&CLIENT_SITE=localhost&LICENSE_KEY=X&SUPD_STS=1&SUPD_URS=0&TYPENC=D&CLIENT_PHPVER=8.3.33&NGINX=Y&dbv=10.11.19&instm=main%2C26.150.0%2CY%3Bsecurity%2C25.0.0%2CN%3Bperfmon%2C25.300.0%2CN%3Bblog%2C26.400.0%2CN%3Bseo%2C25.100.400%2CN%3Bphotogallery%2C25.100.0%2CN%3Biblock%2C25.300.0%2CN%3Brest%2C26.0.0%2CN%3Btranslate%2C25.100.0%2CN%3Bsubscribe%2C25.0.0%2CN%3Blanding%2C26.200.0%2CN%3Bmobileapp%2C25.0.100%2CN%3Bb24connector%2C25.0.0%2CN%3Bmessageservice%2C25.200.100%2CN%3Bbitrix.sitecorporate%2C26.0.0%2CN%3Bsearch%2C25.200.0%2CN%3Bvote%2C26.0.0%2CN%3Bclouds%2C25.100.0%2CN%3Bfileman%2C25.200.200%2CN%3Bsocialservices%2C26.0.0%2CN%3Bhighloadblock%2C25.100.0%2CN%3Bui%2C26.150.0%2CN%3Bbitrixcloud%2C25.100.0%2CN%3Bform%2C26.0.0%2CN%3Bforum%2C26.0.0%2CN%3Blocation%2C25.400.0%2CN&reqm=bitrix.sitecorporate&fullmoduleinfo=Y&SUPD_SRS=RU&SUPD_CMP=N
2026-09-15 23:57:11 -  - exec CUpdateClientPartner::GetHTTPPage
2026-09-15 23:57:12 -  - TIME GetUpdatesList(request) 0.268 sec
2026-09-15 23:57:12 -  - exec CUpdateClientPartner::ParseServerData
2026-09-15 23:57:15 -  - exec CUpdateClientPartner::GetUpdatesList
2026-09-15 23:57:15 -  - exec CUpdateClientPartner::__CollectRequestData
2026-09-15 23:57:15 -  - utf=Y&lang=ru&stable=Y&CANGZIP=Y&SUPD_DBS=MYSQL&XE=N&CLIENT_SITE=localhost&LICENSE_KEY=X&SUPD_STS=1&SUPD_URS=0&TYPENC=D&CLIENT_PHPVER=8.3.33&NGINX=Y&dbv=10.11.19&instm=main%2C26.150.0%2CY%3Bsecurity%2C25.0.0%2CN%3Bperfmon%2C25.300.0%2CN%3Bblog%2C26.400.0%2CN%3Bseo%2C25.100.400%2CN%3Bphotogallery%2C25.100.0%2CN%3Biblock%2C25.300.0%2CN%3Brest%2C26.0.0%2CN%3Btranslate%2C25.100.0%2CN%3Bsubscribe%2C25.0.0%2CN%3Blanding%2C26.200.0%2CN%3Bmobileapp%2C25.0.100%2CN%3Bb24connector%2C25.0.0%2CN%3Bmessageservice%2C25.200.100%2CN%3Bbitrix.sitecorporate%2C26.0.0%2CN%3Bsearch%2C25.200.0%2CN%3Bvote%2C26.0.0%2CN%3Bclouds%2C25.100.0%2CN%3Bfileman%2C25.200.200%2CN%3Bsocialservices%2C26.0.0%2CN%3Bhighloadblock%2C25.100.0%2CN%3Bui%2C26.150.0%2CN%3Bbitrixcloud%2C25.100.0%2CN%3Bform%2C26.0.0%2CN%3Bforum%2C26.0.0%2CN%3Blocation%2C25.400.0%2CN&reqm=bitrix.sitecorporate&fullmoduleinfo=Y&SUPD_SRS=RU&SUPD_CMP=N
2026-09-15 23:57:15 -  - exec CUpdateClientPartner::GetHTTPPage
2026-09-15 23:57:15 -  - TIME GetUpdatesList(request) 0.662 sec
2026-09-15 23:57:15 -  - exec CUpdateClientPartner::ParseServerData
2026-09-15 23:57:22 -  - exec CUpdateClientPartner::GetUpdatesList
2026-09-15 23:57:22 -  - exec CUpdateClientPartner::__CollectRequestData
2026-09-15 23:57:22 -  - utf=Y&lang=ru&stable=Y&CANGZIP=Y&SUPD_DBS=MYSQL&XE=N&CLIENT_SITE=localhost&LICENSE_KEY=X&SUPD_STS=1&SUPD_URS=0&TYPENC=D&CLIENT_PHPVER=8.3.33&NGINX=Y&dbv=10.11.19&instm=main%2C26.150.0%2CY%3Bsecurity%2C25.0.0%2CN%3Bperfmon%2C25.300.0%2CN%3Bblog%2C26.400.0%2CN%3Bseo%2C25.100.400%2CN%3Bphotogallery%2C25.100.0%2CN%3Biblock%2C25.300.0%2CN%3Brest%2C26.0.0%2CN%3Btranslate%2C25.100.0%2CN%3Bsubscribe%2C25.0.0%2CN%3Blanding%2C26.200.0%2CN%3Bmobileapp%2C25.0.100%2CN%3Bb24connector%2C25.0.0%2CN%3Bmessageservice%2C25.200.100%2CN%3Bbitrix.sitecorporate%2C26.0.0%2CN%3Bsearch%2C25.200.0%2CN%3Bvote%2C26.0.0%2CN%3Bclouds%2C25.100.0%2CN%3Bfileman%2C25.200.200%2CN%3Bsocialservices%2C26.0.0%2CN%3Bhighloadblock%2C25.100.0%2CN%3Bui%2C26.150.0%2CN%3Bbitrixcloud%2C25.100.0%2CN%3Bform%2C26.0.0%2CN%3Bforum%2C26.0.0%2CN%3Blocation%2C25.400.0%2CN&reqm=bitrix.sitecorporate&fullmoduleinfo=Y&SUPD_SRS=RU&SUPD_CMP=N
2026-09-15 23:57:22 -  - exec CUpdateClientPartner::GetHTTPPage
2026-09-15 23:57:23 -  - TIME GetUpdatesList(request) 0.728 sec
2026-09-15 23:57:23 -  - exec CUpdateClientPartner::ParseServerData
